------------------------------------------------------------
TimeQuest Timing Analyzer Summary
------------------------------------------------------------

Type  : Slow 1200mV 85C Model Setup 'sdram_pll_m0|altpll_component|auto_generated|pll1|clk[0]'
Slack : 2.805
TNS   : 0.000

Type  : Slow 1200mV 85C Model Hold 'sdram_pll_m0|altpll_component|auto_generated|pll1|clk[0]'
Slack : 0.453
TNS   : 0.000

Type  : Slow 1200mV 85C Model Minimum Pulse Width 'sdram_pll_m0|altpll_component|auto_generated|pll1|clk[0]'
Slack : 4.718
TNS   : 0.000

Type  : Slow 1200mV 85C Model Minimum Pulse Width 'clk'
Slack : 9.858
TNS   : 0.000

Type  : Slow 1200mV 0C Model Setup 'sdram_pll_m0|altpll_component|auto_generated|pll1|clk[0]'
Slack : 3.293
TNS   : 0.000

Type  : Slow 1200mV 0C Model Hold 'sdram_pll_m0|altpll_component|auto_generated|pll1|clk[0]'
Slack : 0.401
TNS   : 0.000

Type  : Slow 1200mV 0C Model Minimum Pulse Width 'sdram_pll_m0|altpll_component|auto_generated|pll1|clk[0]'
Slack : 4.718
TNS   : 0.000

Type  : Slow 1200mV 0C Model Minimum Pulse Width 'clk'
Slack : 9.855
TNS   : 0.000

Type  : Fast 1200mV 0C Model Setup 'sdram_pll_m0|altpll_component|auto_generated|pll1|clk[0]'
Slack : 6.937
TNS   : 0.000

Type  : Fast 1200mV 0C Model Hold 'sdram_pll_m0|altpll_component|auto_generated|pll1|clk[0]'
Slack : 0.186
TNS   : 0.000

Type  : Fast 1200mV 0C Model Minimum Pulse Width 'sdram_pll_m0|altpll_component|auto_generated|pll1|clk[0]'
Slack : 4.796
TNS   : 0.000

Type  : Fast 1200mV 0C Model Minimum Pulse Width 'clk'
Slack : 9.423
TNS   : 0.000

------------------------------------------------------------
