------------------------------------------------------------
TimeQuest Timing Analyzer Summary
------------------------------------------------------------

Type  : Slow 1200mV 85C Model Setup 'video_pll_m0|altpll_component|auto_generated|pll1|clk[0]'
Slack : 99.235
TNS   : 0.000

Type  : Slow 1200mV 85C Model Hold 'video_pll_m0|altpll_component|auto_generated|pll1|clk[0]'
Slack : 0.449
TNS   : 0.000

Type  : Slow 1200mV 85C Model Minimum Pulse Width 'clk'
Slack : 9.858
TNS   : 0.000

Type  : Slow 1200mV 85C Model Minimum Pulse Width 'video_pll_m0|altpll_component|auto_generated|pll1|clk[0]'
Slack : 55.273
TNS   : 0.000

Type  : Slow 1200mV 0C Model Setup 'video_pll_m0|altpll_component|auto_generated|pll1|clk[0]'
Slack : 99.914
TNS   : 0.000

Type  : Slow 1200mV 0C Model Hold 'video_pll_m0|altpll_component|auto_generated|pll1|clk[0]'
Slack : 0.402
TNS   : 0.000

Type  : Slow 1200mV 0C Model Minimum Pulse Width 'clk'
Slack : 9.855
TNS   : 0.000

Type  : Slow 1200mV 0C Model Minimum Pulse Width 'video_pll_m0|altpll_component|auto_generated|pll1|clk[0]'
Slack : 55.271
TNS   : 0.000

Type  : Fast 1200mV 0C Model Setup 'video_pll_m0|altpll_component|auto_generated|pll1|clk[0]'
Slack : 106.048
TNS   : 0.000

Type  : Fast 1200mV 0C Model Hold 'video_pll_m0|altpll_component|auto_generated|pll1|clk[0]'
Slack : 0.147
TNS   : 0.000

Type  : Fast 1200mV 0C Model Minimum Pulse Width 'clk'
Slack : 9.423
TNS   : 0.000

Type  : Fast 1200mV 0C Model Minimum Pulse Width 'video_pll_m0|altpll_component|auto_generated|pll1|clk[0]'
Slack : 55.288
TNS   : 0.000

------------------------------------------------------------
