------------------------------------------------------------
TimeQuest Timing Analyzer Summary
------------------------------------------------------------

Type  : Slow 1200mV 85C Model Setup 'sys_pll_m0|altpll_component|auto_generated|pll1|clk[1]'
Slack : 2.747
TNS   : 0.000

Type  : Slow 1200mV 85C Model Setup 'cmos_pclk'
Slack : 6.103
TNS   : 0.000

Type  : Slow 1200mV 85C Model Setup 'clk'
Slack : 7.373
TNS   : 0.000

Type  : Slow 1200mV 85C Model Setup 'video_pll_m0|altpll_component|auto_generated|pll1|clk[0]'
Slack : 9.142
TNS   : 0.000

Type  : Slow 1200mV 85C Model Hold 'sys_pll_m0|altpll_component|auto_generated|pll1|clk[1]'
Slack : 0.427
TNS   : 0.000

Type  : Slow 1200mV 85C Model Hold 'clk'
Slack : 0.452
TNS   : 0.000

Type  : Slow 1200mV 85C Model Hold 'video_pll_m0|altpll_component|auto_generated|pll1|clk[0]'
Slack : 0.453
TNS   : 0.000

Type  : Slow 1200mV 85C Model Hold 'cmos_pclk'
Slack : 0.485
TNS   : 0.000

Type  : Slow 1200mV 85C Model Recovery 'sys_pll_m0|altpll_component|auto_generated|pll1|clk[1]'
Slack : 5.874
TNS   : 0.000

Type  : Slow 1200mV 85C Model Removal 'sys_pll_m0|altpll_component|auto_generated|pll1|clk[1]'
Slack : 3.233
TNS   : 0.000

Type  : Slow 1200mV 85C Model Minimum Pulse Width 'sys_pll_m0|altpll_component|auto_generated|pll1|clk[1]'
Slack : 4.718
TNS   : 0.000

Type  : Slow 1200mV 85C Model Minimum Pulse Width 'cmos_pclk'
Slack : 5.592
TNS   : 0.000

Type  : Slow 1200mV 85C Model Minimum Pulse Width 'video_pll_m0|altpll_component|auto_generated|pll1|clk[0]'
Slack : 7.389
TNS   : 0.000

Type  : Slow 1200mV 85C Model Minimum Pulse Width 'clk'
Slack : 9.735
TNS   : 0.000

Type  : Slow 1200mV 0C Model Setup 'sys_pll_m0|altpll_component|auto_generated|pll1|clk[1]'
Slack : 3.258
TNS   : 0.000

Type  : Slow 1200mV 0C Model Setup 'cmos_pclk'
Slack : 6.397
TNS   : 0.000

Type  : Slow 1200mV 0C Model Setup 'clk'
Slack : 8.202
TNS   : 0.000

Type  : Slow 1200mV 0C Model Setup 'video_pll_m0|altpll_component|auto_generated|pll1|clk[0]'
Slack : 9.426
TNS   : 0.000

Type  : Slow 1200mV 0C Model Hold 'sys_pll_m0|altpll_component|auto_generated|pll1|clk[1]'
Slack : 0.400
TNS   : 0.000

Type  : Slow 1200mV 0C Model Hold 'clk'
Slack : 0.401
TNS   : 0.000

Type  : Slow 1200mV 0C Model Hold 'video_pll_m0|altpll_component|auto_generated|pll1|clk[0]'
Slack : 0.401
TNS   : 0.000

Type  : Slow 1200mV 0C Model Hold 'cmos_pclk'
Slack : 0.430
TNS   : 0.000

Type  : Slow 1200mV 0C Model Recovery 'sys_pll_m0|altpll_component|auto_generated|pll1|clk[1]'
Slack : 6.192
TNS   : 0.000

Type  : Slow 1200mV 0C Model Removal 'sys_pll_m0|altpll_component|auto_generated|pll1|clk[1]'
Slack : 2.907
TNS   : 0.000

Type  : Slow 1200mV 0C Model Minimum Pulse Width 'sys_pll_m0|altpll_component|auto_generated|pll1|clk[1]'
Slack : 4.717
TNS   : 0.000

Type  : Slow 1200mV 0C Model Minimum Pulse Width 'cmos_pclk'
Slack : 5.460
TNS   : 0.000

Type  : Slow 1200mV 0C Model Minimum Pulse Width 'video_pll_m0|altpll_component|auto_generated|pll1|clk[0]'
Slack : 7.370
TNS   : 0.000

Type  : Slow 1200mV 0C Model Minimum Pulse Width 'clk'
Slack : 9.748
TNS   : 0.000

Type  : Fast 1200mV 0C Model Setup 'sys_pll_m0|altpll_component|auto_generated|pll1|clk[1]'
Slack : 6.846
TNS   : 0.000

Type  : Fast 1200mV 0C Model Setup 'cmos_pclk'
Slack : 9.396
TNS   : 0.000

Type  : Fast 1200mV 0C Model Setup 'video_pll_m0|altpll_component|auto_generated|pll1|clk[0]'
Slack : 12.683
TNS   : 0.000

Type  : Fast 1200mV 0C Model Setup 'clk'
Slack : 14.502
TNS   : 0.000

Type  : Fast 1200mV 0C Model Hold 'sys_pll_m0|altpll_component|auto_generated|pll1|clk[1]'
Slack : 0.147
TNS   : 0.000

Type  : Fast 1200mV 0C Model Hold 'clk'
Slack : 0.186
TNS   : 0.000

Type  : Fast 1200mV 0C Model Hold 'video_pll_m0|altpll_component|auto_generated|pll1|clk[0]'
Slack : 0.186
TNS   : 0.000

Type  : Fast 1200mV 0C Model Hold 'cmos_pclk'
Slack : 0.201
TNS   : 0.000

Type  : Fast 1200mV 0C Model Recovery 'sys_pll_m0|altpll_component|auto_generated|pll1|clk[1]'
Slack : 8.103
TNS   : 0.000

Type  : Fast 1200mV 0C Model Removal 'sys_pll_m0|altpll_component|auto_generated|pll1|clk[1]'
Slack : 1.436
TNS   : 0.000

Type  : Fast 1200mV 0C Model Minimum Pulse Width 'sys_pll_m0|altpll_component|auto_generated|pll1|clk[1]'
Slack : 4.734
TNS   : 0.000

Type  : Fast 1200mV 0C Model Minimum Pulse Width 'cmos_pclk'
Slack : 5.128
TNS   : 0.000

Type  : Fast 1200mV 0C Model Minimum Pulse Width 'video_pll_m0|altpll_component|auto_generated|pll1|clk[0]'
Slack : 7.429
TNS   : 0.000

Type  : Fast 1200mV 0C Model Minimum Pulse Width 'clk'
Slack : 9.262
TNS   : 0.000

------------------------------------------------------------
