------------------------------------------------------------
TimeQuest Timing Analyzer Summary
------------------------------------------------------------

Type  : Slow 1200mV 85C Model Setup 'sys_pll_m0|altpll_component|auto_generated|pll1|clk[0]'
Slack : 1.989
TNS   : 0.000

Type  : Slow 1200mV 85C Model Setup 'sys_pll_m0|altpll_component|auto_generated|pll1|clk[1]'
Slack : 3.242
TNS   : 0.000

Type  : Slow 1200mV 85C Model Setup 'clk'
Slack : 13.394
TNS   : 0.000

Type  : Slow 1200mV 85C Model Setup 'video_pll_m0|altpll_component|auto_generated|pll1|clk[0]'
Slack : 24.399
TNS   : 0.000

Type  : Slow 1200mV 85C Model Hold 'sys_pll_m0|altpll_component|auto_generated|pll1|clk[0]'
Slack : 0.429
TNS   : 0.000

Type  : Slow 1200mV 85C Model Hold 'sys_pll_m0|altpll_component|auto_generated|pll1|clk[1]'
Slack : 0.435
TNS   : 0.000

Type  : Slow 1200mV 85C Model Hold 'video_pll_m0|altpll_component|auto_generated|pll1|clk[0]'
Slack : 0.435
TNS   : 0.000

Type  : Slow 1200mV 85C Model Hold 'clk'
Slack : 0.454
TNS   : 0.000

Type  : Slow 1200mV 85C Model Recovery 'sys_pll_m0|altpll_component|auto_generated|pll1|clk[1]'
Slack : 5.725
TNS   : 0.000

Type  : Slow 1200mV 85C Model Removal 'sys_pll_m0|altpll_component|auto_generated|pll1|clk[1]'
Slack : 1.671
TNS   : 0.000

Type  : Slow 1200mV 85C Model Minimum Pulse Width 'sys_pll_m0|altpll_component|auto_generated|pll1|clk[1]'
Slack : 4.696
TNS   : 0.000

Type  : Slow 1200mV 85C Model Minimum Pulse Width 'sys_pll_m0|altpll_component|auto_generated|pll1|clk[0]'
Slack : 4.718
TNS   : 0.000

Type  : Slow 1200mV 85C Model Minimum Pulse Width 'clk'
Slack : 9.742
TNS   : 0.000

Type  : Slow 1200mV 85C Model Minimum Pulse Width 'video_pll_m0|altpll_component|auto_generated|pll1|clk[0]'
Slack : 14.850
TNS   : 0.000

Type  : Slow 1200mV 0C Model Setup 'sys_pll_m0|altpll_component|auto_generated|pll1|clk[0]'
Slack : 2.527
TNS   : 0.000

Type  : Slow 1200mV 0C Model Setup 'sys_pll_m0|altpll_component|auto_generated|pll1|clk[1]'
Slack : 3.750
TNS   : 0.000

Type  : Slow 1200mV 0C Model Setup 'clk'
Slack : 13.913
TNS   : 0.000

Type  : Slow 1200mV 0C Model Setup 'video_pll_m0|altpll_component|auto_generated|pll1|clk[0]'
Slack : 24.721
TNS   : 0.000

Type  : Slow 1200mV 0C Model Hold 'sys_pll_m0|altpll_component|auto_generated|pll1|clk[1]'
Slack : 0.385
TNS   : 0.000

Type  : Slow 1200mV 0C Model Hold 'video_pll_m0|altpll_component|auto_generated|pll1|clk[0]'
Slack : 0.385
TNS   : 0.000

Type  : Slow 1200mV 0C Model Hold 'sys_pll_m0|altpll_component|auto_generated|pll1|clk[0]'
Slack : 0.400
TNS   : 0.000

Type  : Slow 1200mV 0C Model Hold 'clk'
Slack : 0.402
TNS   : 0.000

Type  : Slow 1200mV 0C Model Recovery 'sys_pll_m0|altpll_component|auto_generated|pll1|clk[1]'
Slack : 5.916
TNS   : 0.000

Type  : Slow 1200mV 0C Model Removal 'sys_pll_m0|altpll_component|auto_generated|pll1|clk[1]'
Slack : 1.513
TNS   : 0.000

Type  : Slow 1200mV 0C Model Minimum Pulse Width 'sys_pll_m0|altpll_component|auto_generated|pll1|clk[1]'
Slack : 4.671
TNS   : 0.000

Type  : Slow 1200mV 0C Model Minimum Pulse Width 'sys_pll_m0|altpll_component|auto_generated|pll1|clk[0]'
Slack : 4.717
TNS   : 0.000

Type  : Slow 1200mV 0C Model Minimum Pulse Width 'clk'
Slack : 9.749
TNS   : 0.000

Type  : Slow 1200mV 0C Model Minimum Pulse Width 'video_pll_m0|altpll_component|auto_generated|pll1|clk[0]'
Slack : 14.820
TNS   : 0.000

Type  : Fast 1200mV 0C Model Setup 'sys_pll_m0|altpll_component|auto_generated|pll1|clk[0]'
Slack : 6.627
TNS   : 0.000

Type  : Fast 1200mV 0C Model Setup 'sys_pll_m0|altpll_component|auto_generated|pll1|clk[1]'
Slack : 7.140
TNS   : 0.000

Type  : Fast 1200mV 0C Model Setup 'clk'
Slack : 17.238
TNS   : 0.000

Type  : Fast 1200mV 0C Model Setup 'video_pll_m0|altpll_component|auto_generated|pll1|clk[0]'
Slack : 27.717
TNS   : 0.000

Type  : Fast 1200mV 0C Model Hold 'sys_pll_m0|altpll_component|auto_generated|pll1|clk[0]'
Slack : 0.154
TNS   : 0.000

Type  : Fast 1200mV 0C Model Hold 'sys_pll_m0|altpll_component|auto_generated|pll1|clk[1]'
Slack : 0.164
TNS   : 0.000

Type  : Fast 1200mV 0C Model Hold 'video_pll_m0|altpll_component|auto_generated|pll1|clk[0]'
Slack : 0.179
TNS   : 0.000

Type  : Fast 1200mV 0C Model Hold 'clk'
Slack : 0.186
TNS   : 0.000

Type  : Fast 1200mV 0C Model Recovery 'sys_pll_m0|altpll_component|auto_generated|pll1|clk[1]'
Slack : 7.994
TNS   : 0.000

Type  : Fast 1200mV 0C Model Removal 'sys_pll_m0|altpll_component|auto_generated|pll1|clk[1]'
Slack : 0.707
TNS   : 0.000

Type  : Fast 1200mV 0C Model Minimum Pulse Width 'sys_pll_m0|altpll_component|auto_generated|pll1|clk[0]'
Slack : 4.734
TNS   : 0.000

Type  : Fast 1200mV 0C Model Minimum Pulse Width 'sys_pll_m0|altpll_component|auto_generated|pll1|clk[1]'
Slack : 4.734
TNS   : 0.000

Type  : Fast 1200mV 0C Model Minimum Pulse Width 'clk'
Slack : 9.262
TNS   : 0.000

Type  : Fast 1200mV 0C Model Minimum Pulse Width 'video_pll_m0|altpll_component|auto_generated|pll1|clk[0]'
Slack : 14.889
TNS   : 0.000

------------------------------------------------------------
